// Jest Snapshot v1, https://goo.gl/fbAQLP

exports[`<App /> matches snapshot on initial render 1`] = `
<body>
  <div>
    <nav
      class="navbar navbar-expand-lg navbar-light"
    >
      <div
        class="container-fluid"
      >
        <span
          class="navbar-brand mb-0 h1"
        >
          <img
            alt="ani-mate logo"
            class="d-inline-block align-text-top logo-img"
            height="35"
            src=""
            width="40"
          />
          Ani-mate
        </span>
        <button
          aria-controls="navbarNavAltMarkup"
          aria-expanded="false"
          aria-label="Toggle navigation"
          class="navbar-toggler navbar-dark"
          data-bs-target="#navbarNavAltMarkup"
          data-bs-toggle="collapse"
          type="button"
        >
          <span
            class="navbar-toggler-icon navbar-dark"
          />
        </button>
        <div
          class="collapse navbar-collapse"
          id="navbarNavAltMarkup"
        >
          <div
            class="navbar-nav ms-auto"
          >
            <a
              class="nav-link"
              href="/"
            >
              Home
            </a>
            <a
              class="nav-link"
              href="/register"
            >
              Register
            </a>
            <a
              class="nav-link"
              href="/login"
            >
              Login
            </a>
          </div>
        </div>
      </div>
    </nav>
    <div
      class="hero-container"
    >
      <img
        alt="couple confessing love"
        class="hero"
        src=""
      />
      <p
        class="hero-text text-center"
      >
        Welcome to Ani-mate! 
        <br />
        An exclusive dating site for the 2D lonely hearts looking for their one true love. 
        <br />
        Tired of not finding "the one" in your universe? 
        <br />
        Too busy fighting those villians to meet someone new?
        <br />
        Then look no further, and register above to start your journey. 
        <br />
         
        Believe it! 
        <br />
        がんばって!
      </p>
    </div>
  </div>
</body>
`;
